// Jest Snapshot v1, https://goo.gl/fbAQLP

exports[`DOM snapshot of Routes 1`] = `
<Switch>
  <Route
    component={[Function]}
    exact={true}
    path="/"
  />
  <Route
    component={[Function]}
    path="/login"
  />
  <Route
    component={[Function]}
    path="/app"
  />
</Switch>
`;
