// Jest Snapshot v1, https://goo.gl/fbAQLP

exports[`DOM rendering DOM snapshot of LandingPage 1`] = `
<div
  className="login-container"
>
  <div
    className="login-form"
  >
    <img
      alt="Company Logo"
      className="company-logo"
      src="Logo.png"
    />
    <div
      className="boxed-form"
    >
      <label>
        Username
      </label>
      <input
        name="UserId"
        onChange={[Function]}
      />
    </div>
    <div
      className="boxed-form"
    >
      <label>
        Password
      </label>
      <input
        name="Password"
        onChange={[Function]}
        type="password"
      />
    </div>
    <button
      onClick={[Function]}
    >
      Login
    </button>
  </div>
</div>
`;
