// Jest Snapshot v1, https://goo.gl/fbAQLP

exports[`DOM rendering DOM snapshot of LandingPage 1`] = `""`;
